C:\Users\maxi-\Desktop\Facultad\Tercer Año\AyDA\Tp5\Ejercicio-2\Ejercicio2\src\main\java\org\example\BubbleSort.java
C:\Users\maxi-\Desktop\Facultad\Tercer Año\AyDA\Tp5\Ejercicio-2\Ejercicio2\src\main\java\org\example\BusquedaSecuencial.java
C:\Users\maxi-\Desktop\Facultad\Tercer Año\AyDA\Tp5\Ejercicio-2\Ejercicio2\src\main\java\org\example\CrearArchivoRandom.java
C:\Users\maxi-\Desktop\Facultad\Tercer Año\AyDA\Tp5\Ejercicio-2\Ejercicio2\src\main\java\org\example\CrearArchivoRandom1000.java
C:\Users\maxi-\Desktop\Facultad\Tercer Año\AyDA\Tp5\Ejercicio-2\Ejercicio2\src\main\java\org\example\GuardarDatos.java
C:\Users\maxi-\Desktop\Facultad\Tercer Año\AyDA\Tp5\Ejercicio-2\Ejercicio2\src\main\java\org\example\Main.java
C:\Users\maxi-\Desktop\Facultad\Tercer Año\AyDA\Tp5\Ejercicio-2\Ejercicio2\src\main\java\org\example\MergeSort.java
C:\Users\maxi-\Desktop\Facultad\Tercer Año\AyDA\Tp5\Ejercicio-2\Ejercicio2\src\main\java\org\example\QuickHoare.java
C:\Users\maxi-\Desktop\Facultad\Tercer Año\AyDA\Tp5\Ejercicio-2\Ejercicio2\src\main\java\org\example\QuickLomuto.java
